// Jest Snapshot v1, https://goo.gl/fbAQLP

exports[`should test TableComponent 1`] = `
<BootstrapTableContainer
  columns={
    Array [
      Object {
        "dataField": "name",
        "text": "Name",
      },
      Object {
        "dataField": "device",
        "text": "Device",
      },
      Object {
        "dataField": "path",
        "text": "Path",
      },
      Object {
        "dataField": "status",
        "formatter": [Function],
        "text": "Status",
      },
    ]
  }
  keyField="name"
  selectRow={
    Object {
      "bgColor": "#00BFFF",
      "mode": "checkbox",
      "onSelect": [Function],
      "onSelectAll": [Function],
      "selectedRows": Array [],
    }
  }
/>
`;
